Initializing n8n process
Error tracking disabled because this release is older than 6 weeks.
n8n ready on ::, port 5678
n8n Task Broker ready on 127.0.0.1, port 5679
Failed to start Python task runner in internal mode. because Python 3 is missing from this system. Launching a Python runner in internal mode is intended only for debugging and is not recommended for production. Users are encouraged to deploy in external mode. See: https://docs.n8n.io/hosting/configuration/task-runners/#setting-up-external-mode
[license SDK] Skipping renewal on init: license cert is not initialized
Instance registered
Discovered 4 cluster checks
Registered runner "JS Task Runner" (_hg1YMoa9SC3Ivx2SqsBn) 
Version: 2.21.7
Building workflow dependency index...
Start Active Workflows:
Finished building workflow dependency index. Processed 1 draft workflows, 0 published workflows.
Activated workflow "🏏 IPL AI Telegram Bot" (ID: ipl-telegram-bot-workflow)

Editor is now accessible via:
http://localhost:5678
Owner was set up successfully
(node:27664) [DEP0060] DeprecationWarning: The `util._extend` API is deprecated. Please use Object.assign() instead.
(Use `node --trace-deprecation ...` to show where the warning was created)
User survey updated successfully
[license SDK] license successfully activated
[license SDK] license activation failed: consumer already has a valid entitlement for this reservation
[31m400 Activation key has already been used on this instance[39m
[license SDK] license successfully renewed
